:;:::::::::::::::::::::::::::::::::::::::::::::::::::::::::,,,,,,,,,,,,,,,,,,,,,,,,,,:::::::::::::::::::::::::::::::::::::::::::::::::,,,::::::::::::::::::::::::::::::,,,,,,,,,,,,,,,,,,::::::::::::::;
:;;;;;;;;;;;;;;;;;;;;;;;;;;;;;;;;;;;;;;;;;;;;--------------------------;;;;;:::::::::::::::::::::::::::::::::::::::::::::::::::::::::::::::::::::::::::::::::::::::::;;;;;;;---*******--;;;;;;;;;;;;;;;;
:::::::::::::::::;;;;;;;;;;;;;;;-;----;;;;;;;;;;;;;;;;;;;:;;;;;;---***--;;:::::::::,,,,,,:::::::,,,,,,::::::::::::::::::::::::::::::::;::::::::::::::,:::,,,,,,,,,,,,,,,,::::::::;;;------;;;:,:::::::::
;-;------------;;;;;;;;--;;;;;;;;;;;--------;;;;;;;;;;;;;;-------------;;;;;;;;;-------;;;;::,,:::::::::::,:::::::::::,,,,,,,,,,,,,,,,,,,:::::::::::::::::::::::::::::::,,,,,,,,,,::;;----;;;::::::;;;;-
;-;;;::::::::::;;;;;;;:::::::::::::::::::::;;;------*************-------****************----;;:::::;;::::;;;:::,,,,,,,::::;;;;;;;------;;;---;;;;;;;;;;:::::::::::::::::::,,::::,:;-;;:::::;;;;;;;;;;;;;
;-;:::::::::,:,:::::::::::::::::::::;;;-----*************ooo*****-*********oooooo***************-;::;-****-------***-***************************************--;::::::::::::::,,::;;-;;;;;;::::::::::;;;-
;--;;::;;;;;::;::::::::::::::::;;;--****-****--*****-******-**-***oooooooooooooooooo*******-******;;;;:;-**o*oo************--*-----------------******-***********-;;;::::::::::;;---*********---;;;;;;;-
;-;;;;;***---**;:::::::::::::;-*********--*-*-**----*****----*oooooooooooooooooooooooo***----*****;:;::;:;-****-**-*----------------------------*******-----**********------***********************---;-
-*;;---*-;;;-;:,:::::::::::;-**-----**-**--***-*-**-****--------*---*oooooooooooooooooo**--**--;:::::::;;;:;---**------------------*******---**------*******-*****************************************-*
*o*******---;,,,,,,:::::::::-******----------*--**----*-----;;::;-----*oooooOOooOOOoo****-*-;:::::::::;;;;;;----------------------***-----*------*************-------*****-----------------------*****-*
-*-**********---;:::::::;;-----***********---*-**--********--;;:::----**oooooOOOOOOo****---;;;;;;;;;;;;;;;;;---------------------***-------**--******--------*******----****--------***----------------*
-*--------*************-******------*******----**----**--******-;:;---*--*ooooOOOOOOo***--;----*-;;;:::::::::;*******-------*-**----------**********-************************--*****---******----------*
*o------*********ooooo****-*********---------*---**--**-----*****;;------*ooooOOOo****-;--;;;;;-;::::;;;::---**************--*-******-****-**-******-********************-*o*******---**----***********o
*o****--*-*********---****----*************************------***o*---*****ooooo*o*------*****---;::::;---**************--***-*-**-********-********--********************-*o***********--**************o
-*-***--**-**-*-*-*********o***-*******************--*---*--****-***--***ooOO*----;;;-***ooo***-;:::::;-*--*****---****----**-**********---*-****--*-********************--**********o*************-**-*
-*--------********o*o*******ooo****************--*--***------****---;;;-*oOOo-;;::::;------;;-----;;----*******--**********-**********---***********-**********************---****o********************o
-o*-**--**-****o**oooOOo********-***-**********----------****------:::::;*ooo-::::;;--;;;:::;---**--**-*oo****--***----******************--------*****************************--************--****oo*-;*
:*******---******o-;;-*oo**********************----------*****--**-;::::,:;--;::::;--;;;::;---;;--***---**-**----**----****************-----****--*********************************-----**---***-;;-:,,:
,::;***********o*;,.,,,:-**ooooo****************----------*********-::::::::::::;;-;;;::;---*;:-****-------***----**--*******************--***************************************----------**o-.,:-::::
,:,,:;-***ooo*-:,,,::::::-*************************-*-*---**********-;::::::::;;--;:;::;---*;,:-****-----*-**---*-*****************-******************************oo**o**********----------**oo,:;:::::;
;:,::;-**-;::,.,,:::::::::*******oo********************--**************-:,:::::;-;;::::::-;:;--**--*----------*-************************************-**-**o*******o*************--**-;;----*oo:.:::;;::-
**----:,....,,,,,::::::::::-**oo**oo******************---***************;:,,:::::::;::::::,:*****-***----**--*********************************---*********ooo***************-********;;---*oo:.,::,,;-;*
,:,.....,,,,,,,,,,,:::::::::;-ooo**oo*****************************--**-**;:,,,:::::;;:::::,,;;*****-*--***********************----*****************ooOo***oooo******************-****-----*o,.,,,;:,.,.:
.,.,,,,,,,,,,,,,,,,:::::::;:::-**o****************************-*----***-*-;*;,,,,:::;;::::,,.;-******************************-*----****-************ooOo*oooo***oo************--*o-**-;;:-*..,,,.,:.,,,,
,,,,,,,,,,,,,,,,,,,,,,,::::;;::***-**oo****************************-********;,,,,:::;;;:,,:,,,..,;******oooo**---**********---------**--********-****-oooooooo*oo********--***-*o*;*;,,;-;..:,,...:..,,,
.,,..,..,,,,,,,,,,,,,:::::::;::-****oooo******************-***-****o*-**o-:,,,:::::;;;;;:,:::,,...,--**oO**--**-******----***---**-**--**-*-----*o**-***oooo************---****o*:-*-;*-..,,,,,...,,..,,
.,.....,,,,,,,,,,,,,:::::::::::*ooo**ooooo********************-***-;:,,-*;,,,,:::::;;;:;;::,,::*o*-**o*-;;***-******-::::,;*o**--****--**--****ooooOOo***************o**-******-,,-oo*:..,,,,,,,,,,,,,,,
.,,.,,,,,,,,,,,,,,,,::::::::;;:*oo*oo*ooooo*******************o*:,,..,.,:;:,,,,:,,:;;;::::,,.,:*oooo**;,:*;-o*-*o***-;***;;*ooo*--**-*****-**oO@Oo****--*********oooo***-**o-,,,,,**:..,,,,,,,,,,,::,,.,
,,,.,,,,,,,,,,,,,,,,,,,,,::::,,-ooooo*oooOo*****************--;,,,,,,,,,,,::,,,,,:;---:::,,,,,,****o*-;::*:,;*--o--**ooooooOoo*--------*-*ooOOo*--*---**oOOo*******o*-----**:,:-:;oo..,,,,,,,,,,,,,.,:,,
.,.,,,,,,,,,,,,,,,,,,,,,,,,,,,,:**Ooooo*oOo****************-:,,,,,,,,,,,..,,,,:::;-----::,,,;,,*****;::::---*;::**-*ooooo***ooo*---*o*-----o@@O*---*o@@OoO@@Oo****o*------**-:;:-*o*.,,,,,,,,,::,,,,.,:,
,::,,..,,,..,,,,,,,,,,,,,,,,,,,,;*o***ooooo*******-********:,,,,,,,:,,,::,,,,::;;-;:::::,,,;;:,:---;;**oo**-*:,,:-*-;;---*---*ooo***oo***o*O@@@@@O@@@@@@OOOOOooo****-**----*--**oOo,.,,...,,:::,,,,;:,:;
:;;,...,,,.,..,,,,,,,,,,,,,,,,,,,-*****ooo*******--****-**-,,,,,,,:,:,,,::,:::;;;;:;;:,,,,:;:,.:-***oo*****---::::;:,,::****--ooo******oOOOo-*O@@@@@@@@@@@@@OOo****--------***oo--;.,,,...,,::,....::::-
,,.,,..,,,,,,.,,,,,,,,,,,,,:::::,:-**-*o********--****-***:..,,,:::,,,,,,,,::;;;::::;:.,,:::,,:*oooo***--****-;-**;::--;****---*Oo***o***oo*--*@@@@@@@@@@@O@O@o****-*--*--*-*o-,.;*.,.,,,,,:-,....,,:,,:
,,.,,,,,,,,,,,,,,,,,,,:::::,:::::,:-*-*oo***************--,,,,,,::,,,,,,,,::;;:::,,,;,.,,,,,:;;oo*****************************--*Ooo*****oo*----O@@@@@@@@@@@@o--*o*-***--**-*-..,;-.......,,,,.,..,,,,,:
:;:,,,,,,,,,.,,,,,,:,,,,::::,:::::::**-*oo*********--***--.,,,,,,,,.,,,,,,::;::,,,,,:,,,,,;;;*******************-**************--*ooo*o**o---**---O@@@@@O*OO@o-****-*-*****-*,:,,;;,.,...,....,,,,,,,,,:
.:::,:::,,,,,,,,,,,,,,,,,::,,,,::::,:o--oo***-*---;:,-***-.,,,,,,,....,,,,:;;:,,,,,,,,,,,,::-**************************--o*****---*-**ooo*--****---;****--*oooo***********-*:,,:,,;-,:,.,,....,,,.,..,,,
,,.:;;;-,,,,,,,,,,,,,::,,,,,,:,:::::,;o;-Oooo**:,,,:,;***-:..,,,,,....,,,,:;::,,,..,,,,,,::-************o***************;*******---*-----**-******------**-oooo************,.;::,.;-:,,,,,,.,,,........,
.,,,,,,:;:::,,:,,,,,,,,,,,,,,::::::::,--:*Ooo*-,,,;*-;*****:..,.......,,,,:;:,,,,,,,.,,,,:;************oo***************-;*******-***;,::-**-********---*-**o**********o:,,.,,::,,;-...,,:,,,,,,..,,.,,,
,,,..,,,,,:;;;,,,,,,,,,,,,,,,:::::::::::,-oOo*-,,*oo*:;;*o--;,...,,,,,,,,,:;:,,,,,::,,,,,,-o******************o**********;*o****-***o*:::;-********************---****;-,..,,..,:,,;;,,,.,,:,::,,,,.,;;;
::,,;;:,,,,,:*;.,,,,,,,,,,,,,,,:::::::::::oOOOo;;***:.,,,:;-oo:....,,,,,,:;;:,,,,,,:,,,:::-*******************o**********--*o********::::::*********----*******--***-;,:;..,,..,:,,:;;::,,.:,,::,:,:::;:
:;;;:,:,,,,,,:,,,,,,,,,,,,,,,:::::::::;::::-oOO****-.,:,:--;**--**,.,,,,,:;::,,,,,,,::;:;::*******************-***********;-o*****o*-,:::::;******o;:;;:;*******-*-;,,,o-,,,,..,,,,::;,,:,,...,,,:,;;:::
,:,,.,:,,,,.,,,,,,,,,,,,,,,,,,::::::::;::::,,;**oO*-;-***-;,:,,.:*-.,,,,::;:,,,,,,,,,,;-:::**-****************************-;*o*oo*;:,::::::,-*****;::;;:;*****-**---:,:O;::,,,,:,,,:;-,,:,:..,,,,,,.,,::
,:,.,,,,,.,,,.,.,,,,,,,:,,,,,,,:,:::::::::;::,,,:oooo**-;:,,,,..:;-;,.,,:::;:,,,,.,,,,:;,,;**-***************************oo-*O**;::;::::::,:;****:,:;:::-*****-*o-;:,,,*o;.,,,,:,,,:-;.,..,.,,,,,,,..,:,
,:,,,,,,,,,,,,,,,,,,,,,,,,,,,,,,,:::::::::;;:::,,,:-o**;,,,:--:,:;--:,,,,,:;;,,,,..,,,,,,.;o*****************************oo---::;--::,::::,:--oo*:,::::;-:-*-***o-,,,:;**o,.,.,:,,::,.,....,,,,,::,,.,,,
.,,,,::,::,,,,,,,,,,,,,,,,,,,,,,:::::::;::;:::::::,,-o-,:,-o*o*****-:,,,,,,::;:,,,,,,.,,,.;o*****************************Oo**--*o-:::,,,::,,-;*o*:,::::-;:**--***-,:;-***o:.,..:,,:..,,....,.:;,::::,,,,
.,,..,,,::,,:,,,,,,,,,,,,,,,,,,:::::::::::;::::::::::-o*o***********::;,,,,,,::::,,,,,,,:::;*o************************-*ooo*oooo*,.:;;:,,,,,;;-o*-,::::;;;**---**-;-;--,;o*...,;::;;:;;;:,,,,::,,::;,,,,
.::..,,,,:;::,,,,,,,,,,,,,,,:::::::::::::::;:::::::::;--;*o*o--*******o;,,:,,,,:::::::::;:,.:-o**********-************-*ooO****o;.,,:;;,,,,,;;;--O::::;:-;-**--**-;;;*;,-oo..,;:::;;;;--;::::,,,,,:;:,,,
,:,,,,,,,:;;::,,,,,,,,,,,,:::::::::::::::::;:::::::;-:::.;oo*--oo*o*****;::::,,,:;;:::::;:,,.,;oo**o-:;******************oo*****,.,,::;;:::,;-;::;,:::;,;**-**-**--;*o*-.,-..,:,,,,;:,::,::;;::,,,:::,.,
,,,,,,,,,,,;;,,,,,,,::::::::,,,,,,::::::::::::::;;;-;::;,*O*---***********:,:::,::;;::,,:,,,,,,::,,:.,,---**************-****o*;,,,,,,:;;;:,;*::,,::::;,:*o*-*--****o*;...-;,::,,,:;,,:,,,;;;:::,,:::,,,
,,,,,,,,,,,,;:,::,:::::::::::::,,,::::::::::::;;;;;;:::,-Oo-**--**-*******-,,,::::;;;:::,,,,,,,.....,,,::;*************o**-***:,,,,,,,,:;;:,:-:,:,,,,:;,,,*o*----***oo;,:;-*:,,,,,:;,,,,,:;;;;:::::,;:,,
,,,,,,,,,,,,,:,:::::::::,:::::,,:::::::::::::::::;*;;:;;Oo--*****-**********:,,,,,::::;;:,:;::,,,,,,,,,:;***************O***-,,,,,,:,,,::;:::-,,,,,:,::,,.:o**---*****;**-;**-;:,,::::,,.,;;;;,,,:,,::,,
,,,,,,,,,,,,,,,,,,,::::::::::,,,:::::::::::;:::::;-;;;;-O*--***----*-**--****;;:,,,,,,,,,::::;::,,,,,::::*o*********oo**o**-:,,,,,,,,,,,::;,:;,,,,:,,::,,,.;o**---*-*--o*;:-*oo**-:,;---;:;;;;:,,:::,::,
.,.,,:,,:,,,,,,,,,,,,,:,,,,,,,::::::::::::::::::::::::,-O*-***-------********oo-:::,,,,,,,,::;::::,,::,,,;**********o***o**;,,,,,,--,:::::;,::,,,,:,,::,,,,.-o***---*--o*.:-;-**oOo*-;;;**;--;;;::;::,,,
.,.,,,,.;:,,,,,,,,,,,,,:,,,,,,::::::::::;;::::::::::::,-O*--***-----************o:,,,,,,,,:::;;::,,:::,,,,-***************-:,,,,,,-*-,::::::*:,,,,,,,::,,,,.,-o******-*--;,,..;-***oO*---,--;-;;;;;:,,,,
,,..,,,,:::,,,,,,,,,,:::,,,,,,,,,:::::::;:::::::::::::.;OO--********************o;.,,,,,,,:::;::,,:::,,,,,;***************-:,:,:::::-;,,:::;*,,,,,,,,::,,,,,..:*oooo**-:;::,:;**---**O*...:*-;;:::,,,.,:
,,,,::::::;,,,,,,,,,,:-;,,,,,,:::::::::;::::,::::::::,,.*@*--*******************o;.,,,,,,:::;;:::::,,,,,,,:-**************-::::,;:,::**:,::;;,,,,,,,,:,,,,,,....:;--;-**;----**-------oo*;::-*;;;:,,...:
;;::,,,,:;-:,,,,,,,,,,:;::::::::::::::;;:::,,::::::::,,.,@@---*-***************o;,,,,,,,,:::;;::::,,,,,,,,:-*o*************;::,:;,,:,;o;,::;:,,,,,,,,:,,,,,,,,:...,,,.,----*****--**-;;-**;::;:,;-::::,:
--:,:,,..:-,,,,,,,,,,,,:::::::::::::::;::::,:::::::::,,,.-@Oo----**************;,,:,,,,,,,::;:::::,,,,,,,,,;ooo************;:::o;,,:,:-::;::,,,,,,:,,;,,.::,,:,,:::,...:-**-*****-**;,,..,;-;;,,,-;;;;;-
;-;::;:,.,:,,,,,,;;;::;,,::::::::::::;::::::::::::::,,,,,,o@@@*--**************,,,:,,,,,,,::;;::::,,,,,,,,:*ooo***********o;,,;O-,,:,;-,:;::,,,,,,,,;;,,,,:..,.,:,,,...-***--**----**;;:,.,::;::;-:::::;
--;*:.,,,,,,,:::::;*---;,,:::::::::::;:::::::::::,,,:,,,,:.-@@@*--**-**********:,,,,,,,,,:::;;::::,,,,,,,,;oo**************:;**O-.,,,*-,:;:,,,,,,,,,:;,,,,,,......,:,.:*********---**--**::;:,.,,-;:;;;*
-*:*,,:,,,,,,,,:;;,::;;;;::::::::::::;:::::::,,::::,:,,,;:..,O@@o-**--*********-,,:,,,,,,:::;;:::,,,,,,,,.;oo********oo**-::-ooo:.,,;-:::;:,:,,,,,,,,;,,,,,,..,,.,,---************-***---;;;::;;.,*::;;o
;-;*.,:,,,,:::,,::,,,,::::::::::::::::::::::::,::::::,,;:,,,.-@@O*-************;::::,,,,,,:::;;:,,,,,,,,,:-*o*******o****;::;*O*.,,:-::;;;;::,,,,,,,:;,,,,,..,,,,,--*********************-:;*-;-;,;;:;;;
;--:.,,,,,,::,,::,,,,,::;::::::::::::::::::::::::::::,;;,,,,.;@@o---*******o*o;::::,,,,,,,,,::::,,,,,,,:;::-*oo*********-:::-oO;.,:;,:::::;;:,,:,,,,:;,,,,,..,;,:.,-**********************;;---:**:;;;::
;--..,,,,,,:,,,,,::,,,:::::::::::::;;::::::::::::::::::,,,,:.-@@*--*-********-::,,,,,,,,,,,::::,,,,,,,,-;,,;*oo*********-::,-oo:,,::,,:::::;:::::,,,::,,,,,.,,,,;,:***********************;;;;-::*;,,,,:
;*;.,,,,,,,,,,,,,,::,,,::::::::;::;;;:;:::::;:;::::::;::::::.*@@*-*--******-;::,:,,,,,,,,,::;:::,,,,,,,*;,,;*o******o***-::,:o*,,,,,,,,,,::;:::::::,:;,,,,,,:,,,::*o*************--*******.,;--;:--:,,,;
;*:.,,,,,,,,,,,,:,:;;:::::::::::::::;;;;;;;;;::::::::::::::,.o@O--*--***o*-:;;:,,,,,,,,,,:::;;:::::,,,;:,,,:*o*****ooo*--,,,,-;,,,,,,,,:::::;;:::::,:;,,,,,::,,,..;o************---*******,,:;-;,;:::,,;
-*..,,,,,,,,,,,,,:,,:::::::::::::::::;;;::::::::::::::::::,.,@@*------****;::::,:::;:,,,,,:::;:::,,,,;:.,,,:-******oOo-;;,,,:;;;,,,,,,:::::::::::::::;::;;:;,,,,,..-o***********---***-**o,,;;-;,;;;;:,;
--.,,,,,,,,,,,,,,,,,,,:::::::::::::::;;;:::::::::::::::::,,.:@o-**--*****-:::::;**;:;,,,::::;;:::,,,:;:,,,,:-*****ooO-:;;,,,;-;,,,:,:;:,,,,,::;;:::,:*;;--;-;,,,,...********************o*.,;--;:;::-:,;
*,.,,,,,,,,,,,,,,,,,,,,,:::::::::::::;;:::::::::::::::::::,.:@***----****:::::,:;;::;:,:::::;::::::;:;,,,,,::-*ooooO-,,;-,,,-*;::,,:;:,,,,,,:::;::::;;,,,:;;;,,,,:,,*o*o*oo*********-***o;.::-*;:*::;,,;
;..,,,,,,,,,,,,,,,,,,,,,,,:::::::::::;;:::::::::::::::::::,.-O****--****;:,,,,,,,,:;::::::::;::::;;;:,,,,,,,,:*o***;,,:-:.,.;*;,,,:;:,,:,,,::::;;::::::,,,,,,,,,,;-;ooo-*-;:;**o***--**o*.,,,;-*:;--*-:;
,,.,,,,,,,,,,,,,,,,,,,,,,,::::::::::::;;::::::::::::::::::,:oO*-***-***;,,,,,,,,,,,:,:::::;;:::::::,,,,,,,,,,,:**:,,,,::,,,,:;:::;;:,,,:::,,:::;;;:::::::,,,:,,,,,,.,:,......,:;*o****oo,.,:,,;--;;;-o-;
:;,,,,::,,,:,,,,,,,,,,,,,,,,,,,:::::::;;:::::::;;:::::::::,-oo********-,,,,,,,,,,,,:::::::;;::::;::,,,,,,,,,,,,,,.:;,:::.,,,:::;-;:,,,,,:::,,,:--::::::::::,,:,,,,,,,..,,.,......:*o****,,::,,,;---;;***
:;,,,,,:,,,,:,,,,,,,,,,,,,,,,,,,,,::::;;:::::,::;;:::,::,,,*o**-*--***:.,,,,,,,,,,,::::::::;;;;;;;,,,,,,,,,,:,,,.,;-:::,,,,;;;;::::,,,,,,::::::-;::::::::::::,:::::,,,,,,,,,,,,,..,;***:.,:,,,,::-*--*o-
;;::;::,:,,,,,,,,,,,,,,,,,,,,,,:,,:::;;;:::::,:::::::;:::,:***o*--***:...,,,,,,,,,,,:,,:::;;;::::::,;:,,,,:::,,,,:;;:,,,,::;;::::::,,,,,,::::::;;;;:;;;;:::::::::,,:::,,,,,,,,,,,,..-oo:.,,:,,,,,;--*-;:
*o**-;:,,,,,,,,,,,,,,,,,,,,,,,,::::::;;::::::::,:::::;;::,;*****-***:...,,,,,,,,,,,,::,::::;::::::::;:,,:::,,,,,,:,,,,,,:;;;::;;:::,,,,,,,,::::::;;::;;;;::::::::::::,:::,,,,,,,,,,.,o*::,,,,,,,,:*o*--*
;--;,,.,,,,,,,,,,,,,,,,,,,,,,,,::::::;;:::::::::::::::;:::-****---*-,...,,,,,,,,,,,,::,,:::;;::::::::,:::,,,,,::,,,..,,;-------;-;::,,,,,::,:::::::::::;;;:::::::::::::,,,,,,,:,::,,,;:,:,,,,,,,,*o*;-;;
;:..,,,,,,,,,,:,,,,,,,,,,,,,,:::::::;;;:::::::::::::::::::-o***---*-,......,..,..,,,,,,,::::;;;;:::::,,,;:,,,,:,,,,,,,;;;;;;;;;;-;::,::,:**-;::::::::::::;;;;;::::::::::::::::::::,,,;-;,,,,,,,,;o*;;;;;
*;,,,,,,,,,,,,,:::,,:,,,,,,:::::::::;;;::::::::::::,::::,,*o***---*--;,......,,,,,,,::,,::::::;;::::,:::;;:,,,,,,,,,,:::,,,,,,,:,::::,:;-*oo-;::::::::::::;::;;:;::::::::::::::::;::,:;-;,,,,,,,;*-----o
,:;,,,,,,,,,,,,,,::::,,,,,,,::::::;;:::::::::::,,,,::,::::*o**----*****-;-;;--:,,,,,,;:,::::::::;;;;;:;::,:::::::,,:::,,,,:::,,,,,::,,,:;;-**-;::::::::::::::::::::;:::::::::;;;;;:::,,::,,,,:::;*--**;:
,,,,,,,,,:::::,,::::::::,,,,::::::;;::::::::,,:,,,,,,,:::,-o**--*****-;;;;;;-;,:,;-;::;:,,:::::;;;;;;;;:::;;;;;;;;:::,,,,:;---::,,::,,,,,,,:*o*-::::::::::::::::::::::::::::::::;;;:::,::::::;:,-***o;.,
,,,,,,,,,::::::::::::;;;;;::::;;;;;;::::::::,::,,,:,,,,::,:*oo******-;;;;,::;;;**;,,..,:::,::::::;;;;;-;;;:::::;;;::,,,,,:;;;;:;;;,,,,,,,,,,;---;::,,,,,,:::::::::::::::,,,:::::::;;;;::::::::,:***-:,,,
,,,,,,,,,,::::::::;;::;;;;;::::::;;::::::::::::,,,,,,,,,:,,,:-o-:,,,:::,,::,::;:;;:::,.:,,,,:::::;;:::;;:,,,,,,:,,,,,,,,,,:,,,,.,,,::,,,;-;::::;;,,,,,::::::::::::,,,,,,,,,,,::::::;;;;::::::,,,::,..,,,
,:,,,,,,,:::::::;;;;;::::::::::,,,,,,:,::,:::,,:,,,,,,,,,,,,,,::,,:::,,,:::;;:::::::;-:.:,,,::::;;::::,,,,..,,,,,,,,,,,,,,,,,,,,,,,,,,,,:;;;::;--;:,,,,::::,::,::,,,,,,,,,,,,,,:,::::;;;:::::::......,,:
,:,,,::,:::::::;;;;;::::::::::::,,,,,,,,,,,,,,,::,,,,,,,,,,,,::::::,,,:::::;::;;-;;;;*:,::;;:::,,,,,,,,,,,,,,,,,,,,,,,,,,,,,,,,,,,,,,,,,,,,,,;*---*;,,,,,,,,:,,,,,,,,,,,,,,,,,,,,,:,:::;;;:;:::,,,,,,,,:
,:::::::::::;;;;;::::::::,,,:,,,,,,,,,,,,,,,,,,,,,,,::,,,,,,:,:::,,:;---;;***;;;;;;;::,::::,,,,,,,,,,,,,,,,,,,,,,,,,,,,,,,,,,,,,,,,,,,,,,,,:,::::--;::::,,,,,,,,,::,,,,:,,,,,,,,,,,,::::;;;;;;;;;::,,,,:
:;::;;;;;;;;;;;;;::::,,,,,,:,,,,,,,,,,,,,,,,,,,,,,,,,:::,::::,,:;-*****;:::;;::,,,,,,,,,,,,,,,,,,,,,,,,,,,,,,,,,,,,,,,,,,,,,,,,,,...,,,,,:::::,,::::::,,::::;:,,:,,,::,,,,,,,,,,,::,,,,::::;;;;;;--;;::;
;-;;;;;;;;:::::,:::::::,,,,:,,,,,,,,,,,,,,,,,,,,,::,,,,,::::,:--*o****-;::,,,,,,,,,,,,,,,,,,,,,,,,,,:--:,,,,:,,,,,,,,,,:,,,,,,::::::,,,,:::::::,,::::::;;--**-;;;:;;-;::::;;;--;;::::::::::::::::::;;;:;
:;;:;:::::::::::::::::::,,,,,,,,,,,,,,,,,:,,,,,,,,,,,,,,,,::;-*****---;:::::,,,,,,,,,,,,,,,,,,,,,,,,,::,,,;;:,,,,,,,,,;;,,,,:;--*oo*-;;;;;;---;;--*--********oo****o**-*******ooo***-----;-;::;;;;:::::;
:::,:::::::::::::,:::::::::::::::::,,,::,,,,,,,,,,:,::::::-***-**---*-:::::::::::::,,,,,,,,,,.,,,,,,,.,:,,;;::,,,,,::;*-;;-*ooo*ooooooooooo*----***ooooooooooooooooooooooooooooooooo****--**;::::;::::::
:;,,,:::::::::::::,,,,,,,,:,:::::;;;:::::::::::;;:;;-----*******O*----::::,,::,,,:,,,,,,,,,,,:;------------****;-----***o**oooooooOOOOOooo*--**oooooooooOOooooooooooooooooooooooooooooooooooo*----;;;:::
-o-;:,:,,,,,::::::,,,,,,,,,::;;;;;;---;;-****************----*-*oo*-------;;;:,,,,,,,,,,,:;-****ooo**ooOoooooooooooooooooooooooOOOOOoooo**--*ooooooOOOOOOOOOOooooooooooooOOOOOOoooooooooooooOooOOOo*----
-o-::::,,,,,,,,,,,,,:::;-;---**-******---*********************ooo**----******--;;;;;;:;--******ooOOOOOOOOOOOOOOOOOOOOOOOOOOOOOOOOOooooo****oooooooOOOOOOOOOOOOOooooooOOOOOOOOOOooooooooooooooooo*---**-*
-*------;;::::::;--*oooooooooooooooo************************ooo**-----------*****--****o****ooooooOOOOOOOOOOOOOOOOOOOOOOOOOOOOOOOOooooooooooooooooOOOOOOOOOOOOOOOOOOOOOOOOOOooooooooooooooooo*-;;------*
-*--**********o*ooo*ooooooooooooooooooo****oo******oo*****--------********-------***oooooooooooooooooooooooOOOOOOOOOOOOOOOOOOOOOOOOOoooooooooooooooOOOOOOOOOOOOOOOOOOOOooooooooooooooooooooooo*--*-----*
*o********************************ooooooooooooooooooo**-----------***---*****----************ooooooooooooooooOOOOOOOOOOOOOOOOOOOOOOOOOOOOOOOOOOOOOOOOOOOOOOOOOOOOOOOOOooooooooooooooooooooo***********-*
-*-----******--**********************oooooooooooooo*******---------------------*************ooooooooooooooooooooooooOOOOOOOOOOOOOOOOOOOOOOOOOOOOOOOOOOOOOOOOOOOOOOOOOooooooooooooooooooo*****----------*
-*--------------****-********************oooooooo**************------***********ooooooooooooooooooooooooooooooooooooooooooOOOOOOOOOOOOOOOOOOOOOOOOOOOOOOOOOOOOOOOOoooooooooooooooooooooooooo*oo***-----*
*o-*****-------------------**********oooooooooooooo*************************oooooooooooooooooooooooooooooooooooooooooooooooOOoOOOOOOOOOOOOOOOOOOOOOOOOOOOoooOooooooooooooooooooooooooooooooooooooo**oo*o
O@oOOOooooooooo****ooooooooooooooooooooooooooo***o*************oooooooooooooooooooooooooooooooooooooooooooooooooooooooooooooooooooooooooooooooooooooooooooooooooooooooooooooooooooooooooooooooooooooOoo@
o@@@@@@@@@@@@@@@@@@@@@@@@@@@@@@@@@@@OOOOOOOOOOOOOOOOO@@@@@@@@@@@@@@@OOOOOOOOOOOOOOOOOOOOOOOOOOOOOOOOOOOOOOOOOOOOOOOOOOOOOOOOOOOOOOOOOOOOOOOOOOOOOOOOOOOOOOOOOOOOOOOOOOOOOOOOOOOOOOOOOOO@@@@@@@@@@@@@@@O@
